// Jest Snapshot v1, https://goo.gl/fbAQLP

exports[`Avatar correctly render 1`] = `
Array [
  <div
    className="header__avatar-wrapper user__avatar-wrapper false"
  >
    <img
      alt="User avatar"
      className="reviews__avatar user__avatar"
      src="/img"
    />
  </div>,
  <span
    className="header__user-name"
  >
    info@test.ru
  </span>,
]
`;
