// Jest Snapshot v1, https://goo.gl/fbAQLP

exports[`Footer correctly render 1`] = `
<footer
  className="footer container"
/>
`;
