// Jest Snapshot v1, https://goo.gl/fbAQLP

exports[`Page correctly render 1`] = `
<div
  className=""
/>
`;
