// Jest Snapshot v1, https://goo.gl/fbAQLP

exports[`NavItem correctly render 1`] = `
<li
  className="locations__item"
>
  <a
    className="tabs__item locations__item-link"
    href="#"
  >
    <span>
      Paris
    </span>
  </a>
</li>
`;
