// Jest Snapshot v1, https://goo.gl/fbAQLP

exports[`Nav renders correctly with mandatory props 1`] = `
<div
  className="cities tabs"
>
  <section
    className="locations container"
  />
</div>
`;
