// Jest Snapshot v1, https://goo.gl/fbAQLP

exports[`MainPage renders correctly with mandatory props 1`] = `
<div
  className="page page--gray page--main"
>
  <header
    className="header"
  >
    <div
      className="container"
    >
      <div
        className="header__wrapper"
      >
        <div
          className="header__left"
        >
          <div
            className="header__logo-link header__logo-link--active"
          >
            <img
              alt="6 cities logo"
              className="header__logo"
              height="41"
              src="img/logo.svg"
              width="81"
            />
          </div>
        </div>
        <nav
          className="header__nav"
        >
          <ul
            className="header__nav-list"
          >
            <li
              className="header__nav-item user"
            >
              <a
                className="header__nav-link header__nav-link--profile"
                href="/favorites"
                onClick={[Function]}
              >
                <div
                  className="header__avatar-wrapper user__avatar-wrapper false"
                >
                  <img
                    alt="User avatar"
                    className="reviews__avatar user__avatar"
                    src="https://es31-server.appspot.com/six-cities/static/avatar/8.jpg"
                  />
                </div>
                <span
                  className="header__user-name"
                >
                  Oliver.conner@gmail.com
                </span>
              </a>
            </li>
          </ul>
        </nav>
      </div>
    </div>
  </header>
  <main
    className="page__main page__main--index"
  >
    <h1
      className="visually-hidden"
    >
      Cities
    </h1>
    <div
      className="cities tabs"
    >
      <section
        className="locations container"
      >
        <ul
          className="locations__list tabs__list"
        >
          <li
            className="locations__item"
          >
            <a
              className="tabs__item tabs__item--active locations__item-link"
              href="#"
              onClick={[Function]}
            >
              <span>
                Cologne
              </span>
            </a>
          </li>
        </ul>
      </section>
    </div>
    <div
      className="cities__places-wrapper"
    >
      <div
        className="cities__places-container container"
      >
        <section
          className="cities__places places"
        >
          <h2
            className="visually-hidden"
          >
            Places
          </h2>
          <b
            className="places__found"
          >
            1 places to stay in Cologne
          </b>
          <div
            className="places__sorting"
            onClick={[Function]}
            onKeyDown={[Function]}
            tabIndex={0}
          >
            <span
              className="places__sorting-caption"
            >
              Sort by
            </span>
            <span
              className="places__sorting-type"
              onClick={[Function]}
              onFocus={[Function]}
              tabIndex={0}
            >
              Popular
              <svg
                className="places__sorting-arrow"
                height="4"
                width="7"
              >
                <use
                  xlinkHref="#icon-arrow-select"
                />
              </svg>
            </span>
          </div>
          <div
            className="places__list cities__places-list tabs__content"
          >
            <article
              className="place-card cities__place-card"
            >
              <div
                className="cities__image-wrapper place-card__image-wrapper"
              >
                <a
                  href="#"
                  onClick={[Function]}
                >
                  <div
                    style={
                      Object {
                        "alignItems": "center",
                        "background": "#e1e1e1",
                        "borderRadius": "4px",
                        "display": "flex",
                        "height": "200px",
                        "justifyContent": "center",
                        "width": "260px",
                      }
                    }
                  >
                    <img
                      alt="Place image"
                      className="place-card__image"
                      height={0}
                      onError={[Function]}
                      onLoad={[Function]}
                      src="https://es31-server.appspot.com/six-cities/static/hotel/17.jpg"
                      width={0}
                    />
                    <span>
                      Loading ...
                    </span>
                  </div>
                </a>
              </div>
              <div
                className="place-card__info"
              >
                <div
                  className="place-card__price-wrapper"
                >
                  <div
                    className="place-card__price"
                  >
                    <b
                      className="place-card__price-value"
                    >
                      €
                      161
                    </b>
                    <span
                      className="place-card__price-text"
                    >
                      / night
                    </span>
                  </div>
                  <button
                    className="place-card__bookmark-button button"
                    onClick={[Function]}
                    type="button"
                  >
                    <svg
                      className="place-card__bookmark-icon"
                      height="19"
                      width="18"
                    >
                      <use
                        xlinkHref="#icon-bookmark"
                      />
                    </svg>
                    <span
                      className="visually-hidden"
                    >
                      To bookmarks
                    </span>
                  </button>
                </div>
                <div
                  className="place-card__rating rating"
                >
                  <div
                    className="place-card__stars rating__stars"
                  >
                    <span
                      style={
                        Object {
                          "width": "54.00%",
                        }
                      }
                    />
                    <span
                      className="visually-hidden"
                    >
                      Rating
                    </span>
                  </div>
                </div>
                <h2
                  className="place-card__name"
                >
                  <a
                    href="/offer/1"
                    onClick={[Function]}
                  >
                    Canal View Prinsengracht
                  </a>
                </h2>
                <p
                  className="place-card__type"
                >
                  house
                </p>
              </div>
            </article>
          </div>
        </section>
        <div
          className="cities__right-section"
        >
          <section
            className="cities__map map"
          >
            <div
              id="map"
              style={
                Object {
                  "height": "100%",
                  "top": 0,
                  "zIndex": 100,
                }
              }
            />
          </section>
        </div>
      </div>
    </div>
  </main>
</div>
`;
