// Jest Snapshot v1, https://goo.gl/fbAQLP

exports[`Button correctly render 1`] = `
<button
  className="login__submit form__submit button"
  type="button"
>
  Button
</button>
`;
