// Jest Snapshot v1, https://goo.gl/fbAQLP

exports[`Header correctly render 1`] = `
<header
  className="header"
>
  <div
    className="container"
  >
    <div
      className="header__wrapper"
    >
      <div
        className="header__left"
      >
        <a
          className="header__logo-link header__logo-link--active"
        >
          <img
            alt="6 cities logo"
            className="header__logo"
            height="41"
            src="img/logo.svg"
            width="81"
          />
        </a>
      </div>
      <nav
        className="header__nav"
      >
        <ul
          className="header__nav-list"
        >
          <li
            className="header__nav-item user"
          >
            <div
              className="header__nav-link header__nav-link--profile"
            >
              <div
                className="header__avatar-wrapper user__avatar-wrapper"
              >
                <img
                  alt="avatar"
                  className="user__avatar"
                  src="https://es31-server.appspot.com/six-cities/static/avatar/1.jpg"
                />
              </div>
              <span
                className="header__user-name user__name"
              >
                Oliver.conner@gmail.com
              </span>
            </div>
          </li>
        </ul>
      </nav>
    </div>
  </div>
</header>
`;
