// Jest Snapshot v1, https://goo.gl/fbAQLP

exports[`Page renders correctly with mandatory props 1`] = `
<div
  className=""
/>
`;
