// Jest Snapshot v1, https://goo.gl/fbAQLP

exports[`Rating correctly render 1`] = `
Array [
  <div
    className="place-card__rating rating"
  >
    <div
      className="place-card__stars rating__stars"
    >
      <span
        style={
          Object {
            "width": "20.00%",
          }
        }
      />
      <span
        className="visually-hidden"
      >
        Rating
      </span>
    </div>
  </div>,
  ")",
]
`;
