// Jest Snapshot v1, https://goo.gl/fbAQLP

exports[`PlacesContainer correctly render 1`] = `
<div
  className="cities__places-wrapper"
>
  <div
    className="cities__places-container container"
  >
    <div
      className="cities__right-section"
    >
      <section
        className="cities__map map"
      />
    </div>
  </div>
</div>
`;
