// Jest Snapshot v1, https://goo.gl/fbAQLP

exports[`UserInfo correctly render 1`] = `
<li
  className="header__nav-item user"
>
  <a
    className="header__nav-link header__nav-link--profile"
    href="#"
  >
    <div
      className="header__avatar-wrapper user__avatar-wrapper"
    />
    <span
      className="header__user-name user__name"
    >
      Oliver.conner@gmail.com
    </span>
  </a>
</li>
`;
