// Jest Snapshot v1, https://goo.gl/fbAQLP

exports[`PlaceCard correctly render 1`] = `
<article
  className="cities__place-card place-card"
  onMouseEnter={[MockFunction]}
  onMouseLeave={[MockFunction]}
>
  <div
    className="place-card__mark"
  >
    <span>
      Premium
    </span>
  </div>
  <div
    className="cities__image-wrapper place-card__image-wrapper"
  >
    <a
      href="#"
    >
      <div
        style={
          Object {
            "alignItems": "center",
            "background": "#e1e1e1",
            "borderRadius": "4px",
            "display": "flex",
            "height": "200px",
            "justifyContent": "center",
            "width": "260px",
          }
        }
      >
        <img
          alt="Place image"
          className="place-card__image"
          height={0}
          onError={[Function]}
          onLoad={[Function]}
          src="img/apartment-01.jpg"
          width={0}
        />
        <span>
          Loading ...
        </span>
      </div>
    </a>
  </div>
  <div
    className="place-card__info"
  >
    <div
      className="place-card__price-wrapper"
    >
      <div
        className="place-card__price"
      >
        <b
          className="place-card__price-value"
        >
          €
          120
        </b>
        <span
          className="place-card__price-text"
        >
          / night
        </span>
      </div>
      <button
        className="place-card__bookmark-button button"
        type="button"
      >
        <svg
          className="place-card__bookmark-icon"
          height="19"
          width="18"
        >
          <use
            xlinkHref="#icon-bookmark"
          />
        </svg>
        <span
          className="visually-hidden"
        >
          To bookmarks
        </span>
      </button>
    </div>
    <div
      className="place-card__rating rating"
    >
      <div
        className="place-card__stars rating__stars"
      >
        <span
          style={
            Object {
              "width": "92.00%",
            }
          }
        />
        <span
          className="visually-hidden"
        >
          Rating
        </span>
      </div>
    </div>
    <h2
      className="place-card__name"
    >
      <a
        href="#"
        onClick={[MockFunction]}
      >
        The Pondhouse - A Magical Place
      </a>
    </h2>
    <p
      className="place-card__type"
    >
      house
    </p>
  </div>
</article>
`;
