// Jest Snapshot v1, https://goo.gl/fbAQLP

exports[`Button renders correctly with mandatory props 1`] = `
<button
  className="login__submit form__submit button"
  type="button"
>
  Button
</button>
`;
