// Jest Snapshot v1, https://goo.gl/fbAQLP

exports[`Footer renders correctly with mandatory props 1`] = `
<footer
  className="footer container"
/>
`;
