// Jest Snapshot v1, https://goo.gl/fbAQLP

exports[`Form renders correctly with mandatory props 1`] = `
<form
  className="login__form form"
  method="get"
  onSubmit={[MockFunction]}
/>
`;
