// Jest Snapshot v1, https://goo.gl/fbAQLP

exports[`Logo renders correctly with mandatory props 1`] = `
<a
  className="header__logo-link"
  href="/"
  onClick={[Function]}
>
  <img
    alt="6 cities logo"
    className="header__logo"
    height="41"
    src="img/logo.svg"
    width="81"
  />
</a>
`;
