// Jest Snapshot v1, https://goo.gl/fbAQLP

exports[`Map renders correctly with mandatory props 1`] = `
<div
  id="map"
  style={
    Object {
      "height": "100%",
      "top": 0,
      "zIndex": 100,
    }
  }
/>
`;
